2025-10-25 17:32:20,092 - INFO - ======================================================================
2025-10-25 17:32:20,092 - INFO - 🚀 EXTRACTEUR RPPS OPTIMISÉ v2.0
2025-10-25 17:32:20,093 - INFO - ======================================================================
2025-10-25 17:32:20,093 - INFO - 📁 Fichier : PS_LibreAcces_Personne_activite_202509230829.txt
2025-10-25 17:32:20,093 - INFO - 📦 Batch size initial : 10,000
2025-10-25 17:32:21,969 - INFO - ✅ Connexion Oracle établie
2025-10-25 17:32:21,970 - INFO - 🧹 Nettoyage des tables...
2025-10-25 17:32:22,501 - INFO - ✅ Tables vidées
2025-10-25 17:32:22,783 - INFO - 🚀 Démarrage extraction...
2025-10-25 17:32:22,784 - INFO - 📖 Lecture fichier : PS_LibreAcces_Personne_activite_202509230829.txt
2025-10-25 17:32:46,879 - INFO -       10,000 lignes |      6,728 activités |    373 l/s
2025-10-25 17:43:45,949 - INFO - ======================================================================
2025-10-25 17:43:45,949 - INFO - 🚀 EXTRACTEUR RPPS OPTIMISÉ v2.0
2025-10-25 17:43:45,950 - INFO - ======================================================================
2025-10-25 17:43:45,950 - INFO - 📁 Fichier : PS_LibreAcces_Personne_activite_202509230829.txt
2025-10-25 17:43:45,950 - INFO - 📦 Batch size initial : 10,000
2025-10-25 17:43:47,865 - INFO - ✅ Connexion Oracle établie
2025-10-25 17:43:47,866 - INFO - 🧹 Nettoyage des tables...
2025-10-25 17:43:48,633 - INFO - ✅ Tables vidées
2025-10-25 17:43:48,788 - INFO - 🚀 Démarrage extraction...
2025-10-25 17:43:48,788 - INFO - 📖 Lecture fichier : PS_LibreAcces_Personne_activite_202509230829.txt
2025-10-25 17:45:00,718 - INFO -       10,000 lignes |      6,779 activités |    134 l/s
2025-10-25 17:45:35,045 - INFO -       20,000 lignes |     13,769 activités |    183 l/s
2025-10-25 17:46:53,290 - INFO -       30,000 lignes |     19,588 activités |    160 l/s
2025-10-25 17:47:45,306 - INFO -       40,000 lignes |     26,013 activités |    167 l/s
2025-10-25 17:48:37,408 - INFO -       50,000 lignes |     34,297 activités |    172 l/s
2025-10-25 17:49:30,154 - INFO -       60,000 lignes |     43,660 activités |    174 l/s
2025-10-25 17:50:28,362 - INFO -       70,000 lignes |     48,344 activités |    174 l/s
2025-10-25 17:51:17,509 - INFO -       80,000 lignes |     56,532 activités |    177 l/s
2025-10-25 17:57:05,211 - INFO - ======================================================================
2025-10-25 17:57:05,211 - INFO - 🚀 EXTRACTEUR RPPS OPTIMISÉ v2.0
2025-10-25 17:57:05,211 - INFO - ======================================================================
2025-10-25 17:57:05,211 - INFO - 📁 Fichier : PS_LibreAcces_Personne_activite_202509230829.txt
2025-10-25 17:57:05,211 - INFO - 📦 Batch size initial : 10,000
2025-10-25 17:57:09,356 - INFO - ✅ Connexion Oracle établie
2025-10-25 17:57:09,357 - INFO - 🧹 Nettoyage des tables...
2025-10-25 17:57:11,271 - INFO - ✅ Tables vidées
2025-10-25 17:57:11,522 - INFO - 🚀 Démarrage extraction...
2025-10-25 17:57:11,522 - INFO - 📖 Lecture fichier : PS_LibreAcces_Personne_activite_202509230829.txt
2025-10-25 17:59:23,254 - INFO -       14,034 lignes |     10,000 activités |    102 l/s
2025-10-25 18:01:06,416 - INFO -       30,785 lignes |     20,000 activités |    128 l/s
2025-10-25 18:02:12,657 - INFO -       45,275 lignes |     30,000 activités |    147 l/s
2025-10-25 18:03:07,332 - INFO -       56,140 lignes |     40,000 activités |    155 l/s
2025-10-25 18:03:49,677 - INFO -       71,888 lignes |     50,000 activités |    178 l/s
2025-10-25 18:04:38,436 - INFO -       84,293 lignes |     60,000 activités |    186 l/s
2025-10-25 18:05:37,023 - INFO -       97,185 lignes |     70,000 activités |    190 l/s
2025-10-25 18:06:10,649 - INFO -      111,050 lignes |     80,000 activités |    204 l/s
2025-10-25 18:07:13,949 - INFO -      124,004 lignes |     90,000 activités |    204 l/s
2025-10-25 18:09:40,284 - INFO -      135,402 lignes |    100,000 activités |    179 l/s
2025-10-25 18:11:46,140 - INFO -      146,618 lignes |    110,000 activités |    166 l/s
2025-10-25 18:13:30,136 - INFO -      159,121 lignes |    120,000 activités |    162 l/s
2025-10-25 18:14:21,907 - INFO -      171,538 lignes |    130,000 activités |    165 l/s
2025-10-25 18:15:39,361 - INFO -      184,131 lignes |    140,000 activités |    165 l/s
2025-10-25 18:16:49,278 - INFO -      197,127 lignes |    150,000 activités |    166 l/s
2025-10-25 18:17:09,887 - INFO -      209,844 lignes |    160,000 activités |    174 l/s
2025-10-25 18:17:34,858 - INFO -      223,375 lignes |    170,000 activités |    182 l/s
2025-10-25 18:18:14,085 - INFO -      237,367 lignes |    180,000 activités |    187 l/s
2025-10-25 18:18:44,086 - INFO -      251,209 lignes |    190,000 activités |    193 l/s
2025-10-25 18:19:10,556 - INFO -      265,932 lignes |    200,000 activités |    201 l/s
2025-10-25 18:19:35,791 - INFO -      281,984 lignes |    210,000 activités |    209 l/s
2025-10-25 18:20:09,646 - INFO -      296,897 lignes |    220,000 activités |    214 l/s
2025-10-25 18:20:33,832 - INFO -      313,422 lignes |    230,000 activités |    223 l/s
2025-10-25 18:20:57,768 - INFO -      325,015 lignes |    240,000 activités |    227 l/s
2025-10-25 18:21:15,072 - INFO -      339,397 lignes |    250,000 activités |    234 l/s
2025-10-25 18:21:34,281 - INFO -      352,425 lignes |    260,000 activités |    240 l/s
2025-10-25 18:21:55,884 - INFO -      365,195 lignes |    270,000 activités |    245 l/s
2025-10-25 18:22:15,487 - INFO -      378,745 lignes |    280,000 activités |    251 l/s
2025-10-25 18:22:33,384 - INFO -      392,534 lignes |    290,000 activités |    257 l/s
2025-10-25 18:22:54,671 - INFO -      404,316 lignes |    300,000 activités |    261 l/s
2025-10-25 18:23:14,321 - INFO -      415,411 lignes |    310,000 activités |    265 l/s
2025-10-25 18:23:27,915 - INFO -      427,170 lignes |    320,000 activités |    270 l/s
2025-10-25 18:23:42,688 - INFO -      440,257 lignes |    330,000 activités |    276 l/s
2025-10-25 18:23:56,407 - INFO -      452,563 lignes |    340,000 activités |    281 l/s
2025-10-25 18:24:10,086 - INFO -      465,027 lignes |    350,000 activités |    286 l/s
2025-10-25 18:24:23,890 - INFO -      478,126 lignes |    360,000 activités |    292 l/s
2025-10-25 18:24:37,674 - INFO -      491,354 lignes |    370,000 activités |    297 l/s
2025-10-25 18:24:52,557 - INFO -      505,480 lignes |    380,000 activités |    303 l/s
2025-10-25 18:25:09,844 - INFO -      519,734 lignes |    390,000 activités |    309 l/s
2025-10-25 18:25:28,424 - INFO -      534,171 lignes |    400,000 activités |    314 l/s
2025-10-25 18:25:47,209 - INFO -      549,430 lignes |    410,000 activités |    319 l/s
2025-10-25 18:26:06,627 - INFO -      563,518 lignes |    420,000 activités |    324 l/s
2025-10-25 18:26:22,439 - INFO -      580,584 lignes |    430,000 activités |    330 l/s
2025-10-25 18:26:37,281 - INFO -      593,690 lignes |    440,000 activités |    335 l/s
2025-10-25 18:26:48,555 - INFO -      604,395 lignes |    450,000 activités |    339 l/s
2025-10-25 18:27:04,227 - INFO -      620,512 lignes |    460,000 activités |    345 l/s
2025-10-25 18:29:59,317 - INFO - ======================================================================
2025-10-25 18:29:59,317 - INFO - 🚀 EXTRACTEUR RPPS OPTIMISÉ v2.0
2025-10-25 18:29:59,319 - INFO - ======================================================================
2025-10-25 18:29:59,319 - INFO - 📁 Fichier : PS_LibreAcces_Personne_activite_202509230829.txt
2025-10-25 18:29:59,319 - INFO - 📦 Batch size initial : 10,000
2025-10-25 18:30:00,467 - INFO - ✅ Connexion Oracle établie
2025-10-25 18:30:00,468 - INFO - 🧹 Nettoyage des tables...
2025-10-25 18:30:01,313 - INFO - ✅ Tables vidées
2025-10-25 18:30:01,477 - INFO - 🚀 Démarrage extraction...
2025-10-25 18:30:01,478 - INFO - 📖 Lecture fichier : PS_LibreAcces_Personne_activite_202509230829.txt
2025-10-25 18:30:04,388 - ERROR - ❌ Erreur BDD : ORA-00001: unique constraint (ADMIN.SYS_C0051550) violated
2025-10-25 18:30:04,441 - ERROR - ❌ ERREUR FATALE : ORA-00001: unique constraint (ADMIN.SYS_C0051550) violated
2025-10-25 18:30:13,520 - INFO - ======================================================================
2025-10-25 18:30:13,521 - INFO - 🚀 EXTRACTEUR RPPS OPTIMISÉ v2.0
2025-10-25 18:30:13,521 - INFO - ======================================================================
2025-10-25 18:30:13,521 - INFO - 📁 Fichier : PS_LibreAcces_Personne_activite_202509230829.txt
2025-10-25 18:30:13,521 - INFO - 📦 Batch size initial : 10,000
2025-10-25 18:30:14,655 - INFO - ✅ Connexion Oracle établie
2025-10-25 18:30:14,655 - INFO - 🧹 Nettoyage des tables...
2025-10-25 18:30:15,025 - INFO - ✅ Tables vidées
2025-10-25 18:30:15,231 - INFO - 🚀 Démarrage extraction...
2025-10-25 18:30:15,232 - INFO - 📖 Lecture fichier : PS_LibreAcces_Personne_activite_202509230829.txt
2025-10-25 18:30:18,002 - ERROR - ❌ Erreur BDD : ORA-00001: unique constraint (ADMIN.SYS_C0051550) violated
2025-10-25 18:30:18,059 - ERROR - ❌ ERREUR FATALE : ORA-00001: unique constraint (ADMIN.SYS_C0051550) violated
2025-10-25 18:38:48,467 - INFO - ======================================================================
2025-10-25 18:38:48,468 - INFO - 🚀 EXTRACTEUR RPPS OPTIMISÉ v2.0
2025-10-25 18:38:48,468 - INFO - ======================================================================
2025-10-25 18:38:48,468 - INFO - 📁 Fichier : PS_LibreAcces_Personne_activite_202509230829.txt
2025-10-25 18:38:48,468 - INFO - 📦 Batch size initial : 10,000
2025-10-25 18:38:49,993 - INFO - ✅ Connexion Oracle établie
2025-10-25 18:38:49,994 - INFO - 🧹 Nettoyage des tables...
2025-10-25 18:38:50,448 - INFO - ✅ Tables vidées
2025-10-25 18:38:50,635 - INFO - 🚀 Démarrage extraction...
2025-10-25 18:38:50,636 - INFO - 📖 Lecture fichier : PS_LibreAcces_Personne_activite_202509230829.txt
2025-10-25 18:38:51,043 - ERROR - ❌ ERREUR FATALE : 'OracleLoader' object has no attribute 'flush'
2025-10-25 18:40:53,955 - INFO - ======================================================================
2025-10-25 18:40:53,955 - INFO - 🚀 EXTRACTEUR RPPS OPTIMISÉ v2.0
2025-10-25 18:40:53,956 - INFO - ======================================================================
2025-10-25 18:40:53,956 - INFO - 📁 Fichier : PS_LibreAcces_Personne_activite_202509230829.txt
2025-10-25 18:40:53,956 - INFO - 📦 Batch size initial : 10,000
2025-10-25 18:40:55,175 - INFO - ✅ Connexion Oracle établie
2025-10-25 18:40:55,176 - INFO - 🧹 Nettoyage des tables...
2025-10-25 18:40:55,674 - INFO - ✅ Tables vidées
2025-10-25 18:40:55,837 - INFO - 🚀 Démarrage extraction...
2025-10-25 18:40:55,838 - INFO - 📖 Lecture fichier : PS_LibreAcces_Personne_activite_202509230829.txt
2025-10-25 18:41:14,941 - INFO -       14,034 lignes |     10,000 activités |    669 l/s
2025-10-25 18:41:27,898 - INFO -       30,785 lignes |     20,000 activités |    907 l/s
2025-10-25 18:41:41,431 - INFO -       45,275 lignes |     30,000 activités |    954 l/s
2025-10-25 18:41:51,494 - INFO -       56,140 lignes |     40,000 activités |    976 l/s
2025-10-25 18:42:03,522 - INFO -       71,888 lignes |     50,000 activités |  1,033 l/s
2025-10-25 18:42:20,116 - INFO -       84,293 lignes |     60,000 activités |    978 l/s
2025-10-25 18:42:30,259 - INFO -       97,185 lignes |     70,000 activités |  1,009 l/s
2025-10-25 18:42:40,907 - INFO -      111,050 lignes |     80,000 activités |  1,038 l/s
2025-10-25 18:42:49,089 - INFO -      124,004 lignes |     90,000 activités |  1,077 l/s
2025-10-25 18:43:00,577 - INFO -      135,402 lignes |    100,000 activités |  1,069 l/s
2025-10-25 18:43:12,786 - INFO -      146,618 lignes |    110,000 activités |  1,056 l/s
2025-10-25 18:43:23,555 - INFO -      159,121 lignes |    120,000 activités |  1,064 l/s
2025-10-25 18:43:33,564 - INFO -      171,538 lignes |    130,000 activités |  1,075 l/s
2025-10-25 18:43:46,651 - INFO -      184,131 lignes |    140,000 activités |  1,066 l/s
2025-10-25 18:43:58,536 - INFO -      197,127 lignes |    150,000 activités |  1,068 l/s
2025-10-25 18:44:09,488 - INFO -      209,844 lignes |    160,000 activités |  1,073 l/s
2025-10-25 18:44:21,042 - INFO -      223,375 lignes |    170,000 activités |  1,079 l/s
2025-10-25 18:44:33,804 - INFO -      237,367 lignes |    180,000 activités |  1,080 l/s
2025-10-25 18:44:49,404 - INFO -      251,209 lignes |    190,000 activités |  1,067 l/s
2025-10-25 18:45:05,482 - INFO -      265,932 lignes |    200,000 activités |  1,057 l/s
2025-10-25 18:45:20,134 - INFO -      281,984 lignes |    210,000 activités |  1,059 l/s
2025-10-25 18:45:35,297 - INFO -      296,897 lignes |    220,000 activités |  1,055 l/s
2025-10-25 18:45:49,844 - INFO -      313,422 lignes |    230,000 activités |  1,059 l/s
2025-10-25 18:46:01,722 - INFO -      325,015 lignes |    240,000 activités |  1,056 l/s
2025-10-25 18:46:12,563 - INFO -      339,397 lignes |    250,000 activités |  1,065 l/s
2025-10-25 18:46:25,669 - INFO -      352,425 lignes |    260,000 activités |  1,062 l/s
2025-10-25 18:46:39,593 - INFO -      365,195 lignes |    270,000 activités |  1,057 l/s
2025-10-25 18:46:52,096 - INFO -      378,745 lignes |    280,000 activités |  1,058 l/s
2025-10-25 18:47:02,127 - INFO -      392,534 lignes |    290,000 activités |  1,066 l/s
2025-10-25 18:47:17,334 - INFO -      404,316 lignes |    300,000 activités |  1,055 l/s
2025-10-25 18:47:32,436 - INFO -      415,411 lignes |    310,000 activités |  1,042 l/s
2025-10-25 18:47:44,933 - INFO -      427,170 lignes |    320,000 activités |  1,039 l/s
2025-10-25 18:47:57,902 - INFO -      440,257 lignes |    330,000 activités |  1,038 l/s
2025-10-25 18:48:09,707 - INFO -      452,563 lignes |    340,000 activités |  1,039 l/s
2025-10-25 18:48:21,917 - INFO -      465,027 lignes |    350,000 activités |  1,038 l/s
2025-10-25 18:48:34,635 - INFO -      478,126 lignes |    360,000 activités |  1,038 l/s
2025-10-25 18:48:46,989 - INFO -      491,354 lignes |    370,000 activités |  1,039 l/s
2025-10-25 18:49:00,313 - INFO -      505,480 lignes |    380,000 activités |  1,039 l/s
2025-10-25 18:49:17,945 - INFO -      519,734 lignes |    390,000 activités |  1,031 l/s
2025-10-25 18:49:38,406 - INFO -      534,171 lignes |    400,000 activités |  1,019 l/s
2025-10-25 18:50:08,909 - INFO -      549,430 lignes |    410,000 activités |    990 l/s
2025-10-25 18:50:34,253 - INFO -      563,518 lignes |    420,000 activités |    971 l/s
2025-10-25 18:50:47,408 - INFO -      580,584 lignes |    430,000 activités |    978 l/s
2025-10-25 18:51:01,956 - INFO -      593,690 lignes |    440,000 activités |    976 l/s
2025-10-25 18:51:14,451 - INFO -      604,395 lignes |    450,000 activités |    974 l/s
2025-10-25 18:51:30,207 - INFO -      620,512 lignes |    460,000 activités |    975 l/s
2025-10-25 18:51:44,152 - INFO -      632,982 lignes |    470,000 activités |    974 l/s
2025-10-25 18:51:56,116 - INFO -      646,128 lignes |    480,000 activités |    976 l/s
2025-10-25 18:52:11,385 - INFO -      660,329 lignes |    490,000 activités |    975 l/s
2025-10-25 18:52:22,218 - INFO -      672,918 lignes |    500,000 activités |    978 l/s
2025-10-25 18:52:41,282 - INFO -      683,873 lignes |    510,000 activités |    967 l/s
2025-10-25 18:52:53,986 - INFO -      695,062 lignes |    520,000 activités |    965 l/s
2025-10-25 18:53:07,703 - INFO -      707,690 lignes |    530,000 activités |    964 l/s
2025-10-25 18:53:24,740 - INFO -      720,177 lignes |    540,000 activités |    959 l/s
2025-10-25 18:53:45,977 - INFO -      732,648 lignes |    550,000 activités |    949 l/s
2025-10-25 18:53:59,741 - INFO -      745,818 lignes |    560,000 activités |    949 l/s
2025-10-25 18:54:11,391 - INFO -      758,532 lignes |    570,000 activités |    951 l/s
2025-10-25 18:54:22,658 - INFO -      772,222 lignes |    580,000 activités |    955 l/s
2025-10-25 18:54:34,935 - INFO -      786,233 lignes |    590,000 activités |    958 l/s
2025-10-25 18:54:52,964 - INFO -      800,341 lignes |    600,000 activités |    954 l/s
2025-10-25 18:55:10,021 - INFO -      816,088 lignes |    610,000 activités |    953 l/s
2025-10-25 18:55:30,864 - INFO -      831,199 lignes |    620,000 activités |    948 l/s
2025-10-25 18:55:47,450 - INFO -      846,844 lignes |    630,000 activités |    948 l/s
2025-10-25 18:56:01,584 - INFO -      862,067 lignes |    640,000 activités |    950 l/s
2025-10-25 18:56:12,027 - INFO -      873,501 lignes |    650,000 activités |    951 l/s
2025-10-25 18:56:23,493 - INFO -      889,119 lignes |    660,000 activités |    957 l/s
2025-10-25 18:56:35,175 - INFO -      901,316 lignes |    670,000 activités |    958 l/s
2025-10-25 18:56:50,957 - INFO -      913,975 lignes |    680,000 activités |    955 l/s
2025-10-25 18:57:07,689 - INFO -      927,738 lignes |    690,000 activités |    953 l/s
2025-10-25 18:57:27,350 - INFO -      941,148 lignes |    700,000 activités |    947 l/s
2025-10-25 18:57:47,054 - INFO -      952,667 lignes |    710,000 activités |    940 l/s
2025-10-25 18:58:00,765 - INFO -      963,840 lignes |    720,000 activités |    939 l/s
2025-10-25 18:58:12,458 - INFO -      975,721 lignes |    730,000 activités |    940 l/s
2025-10-25 18:58:22,692 - INFO -      988,695 lignes |    740,000 activités |    943 l/s
2025-10-25 18:58:32,532 - INFO -    1,001,269 lignes |    750,000 activités |    946 l/s
2025-10-25 18:58:44,400 - INFO -    1,013,914 lignes |    760,000 activités |    947 l/s
2025-10-25 18:59:00,811 - INFO -    1,026,782 lignes |    770,000 activités |    945 l/s
2025-10-25 18:59:15,839 - INFO -    1,040,240 lignes |    780,000 activités |    944 l/s
2025-10-25 18:59:27,717 - INFO -    1,054,364 lignes |    790,000 activités |    947 l/s
2025-10-25 18:59:43,690 - INFO -    1,068,274 lignes |    800,000 activités |    946 l/s
2025-10-25 18:59:57,829 - INFO -    1,082,800 lignes |    810,000 activités |    947 l/s
2025-10-25 19:00:12,990 - INFO -    1,098,346 lignes |    820,000 activités |    948 l/s
2025-10-25 19:00:30,412 - INFO -    1,112,692 lignes |    830,000 activités |    946 l/s
2025-10-25 19:00:43,295 - INFO -    1,129,509 lignes |    840,000 activités |    950 l/s
2025-10-25 19:00:57,218 - INFO -    1,142,342 lignes |    850,000 activités |    949 l/s
2025-10-25 19:01:08,701 - INFO -    1,153,718 lignes |    860,000 activités |    950 l/s
2025-10-25 19:01:20,772 - INFO -    1,169,522 lignes |    870,000 activités |    953 l/s
2025-10-25 19:01:32,031 - INFO -    1,182,237 lignes |    880,000 activités |    955 l/s
2025-10-25 19:01:42,684 - INFO -    1,195,507 lignes |    890,000 activités |    957 l/s
2025-10-25 19:01:53,754 - INFO -    1,209,711 lignes |    900,000 activités |    960 l/s
2025-10-25 19:02:04,550 - INFO -    1,221,509 lignes |    910,000 activités |    961 l/s
2025-10-25 19:02:18,537 - INFO -    1,232,516 lignes |    920,000 activités |    959 l/s
2025-10-25 19:02:57,682 - INFO -    1,243,930 lignes |    930,000 activités |    940 l/s
2025-10-25 19:03:16,144 - INFO -    1,257,405 lignes |    940,000 activités |    937 l/s
2025-10-25 19:03:25,185 - INFO -    1,269,250 lignes |    950,000 activités |    939 l/s
2025-10-25 19:03:35,843 - INFO -    1,281,656 lignes |    960,000 activités |    941 l/s
2025-10-25 19:03:49,737 - INFO -    1,294,975 lignes |    970,000 activités |    941 l/s
2025-10-25 19:04:02,015 - INFO -    1,307,242 lignes |    980,000 activités |    942 l/s
2025-10-25 19:04:13,731 - INFO -    1,321,092 lignes |    990,000 activités |    944 l/s
2025-10-25 19:04:28,087 - INFO -    1,336,431 lignes |  1,000,000 activités |    945 l/s
2025-10-25 19:04:48,962 - INFO -    1,350,628 lignes |  1,010,000 activités |    941 l/s
2025-10-25 19:05:08,312 - INFO -    1,365,900 lignes |  1,020,000 activités |    939 l/s
2025-10-25 19:05:28,688 - INFO -    1,379,880 lignes |  1,030,000 activités |    936 l/s
2025-10-25 19:05:44,778 - INFO -    1,396,384 lignes |  1,040,000 activités |    937 l/s
2025-10-25 19:05:59,398 - INFO -    1,410,895 lignes |  1,050,000 activités |    937 l/s
2025-10-25 19:06:28,790 - INFO -    1,421,664 lignes |  1,060,000 activités |    926 l/s
2025-10-25 19:06:43,354 - INFO -    1,437,702 lignes |  1,070,000 activités |    928 l/s
2025-10-25 19:06:56,343 - INFO -    1,450,023 lignes |  1,080,000 activités |    928 l/s
2025-10-25 19:07:06,375 - INFO -    1,463,001 lignes |  1,090,000 activités |    930 l/s
2025-10-25 19:07:16,004 - INFO -    1,476,954 lignes |  1,100,000 activités |    934 l/s
2025-10-25 19:07:23,990 - INFO -    1,489,890 lignes |  1,110,000 activités |    937 l/s
2025-10-25 19:07:37,231 - INFO -    1,501,090 lignes |  1,120,000 activités |    936 l/s
2025-10-25 19:07:50,544 - INFO -    1,512,397 lignes |  1,130,000 activités |    936 l/s
2025-10-25 19:08:01,923 - INFO -    1,525,002 lignes |  1,140,000 activités |    937 l/s
2025-10-25 19:08:11,920 - INFO -    1,537,441 lignes |  1,150,000 activités |    939 l/s
2025-10-25 19:08:21,954 - INFO -    1,549,936 lignes |  1,160,000 activités |    940 l/s
2025-10-25 19:08:32,188 - INFO -    1,562,915 lignes |  1,170,000 activités |    943 l/s
2025-10-25 19:08:42,225 - INFO -    1,575,673 lignes |  1,180,000 activités |    944 l/s
2025-10-25 19:08:52,069 - INFO -    1,589,276 lignes |  1,190,000 activités |    947 l/s
2025-10-25 19:09:03,317 - INFO -    1,603,387 lignes |  1,200,000 activités |    949 l/s
2025-10-25 19:09:16,743 - INFO -    1,617,237 lignes |  1,210,000 activités |    950 l/s
2025-10-25 19:09:29,855 - INFO -    1,631,914 lignes |  1,220,000 activités |    951 l/s
2025-10-25 19:09:43,720 - INFO -    1,648,093 lignes |  1,230,000 activités |    953 l/s
2025-10-25 19:09:57,076 - INFO -    1,662,976 lignes |  1,240,000 activités |    954 l/s
2025-10-25 19:10:06,703 - INFO -    1,679,233 lignes |  1,250,000 activités |    958 l/s
2025-10-25 19:10:17,157 - INFO -    1,690,657 lignes |  1,260,000 activités |    959 l/s
2025-10-25 19:10:27,098 - INFO -    1,706,023 lignes |  1,270,000 activités |    962 l/s
2025-10-25 19:10:37,943 - INFO -    1,718,276 lignes |  1,280,000 activités |    963 l/s
2025-10-25 19:10:48,801 - INFO -    1,731,041 lignes |  1,290,000 activités |    964 l/s
2025-10-25 19:10:59,400 - INFO -    1,744,604 lignes |  1,300,000 activités |    966 l/s
2025-10-25 19:11:34,686 - INFO -    1,758,169 lignes |  1,310,000 activités |    955 l/s
2025-10-25 19:11:47,266 - INFO -    1,769,941 lignes |  1,320,000 activités |    955 l/s
2025-10-25 19:12:38,316 - INFO -    1,781,079 lignes |  1,330,000 activités |    935 l/s
2025-10-25 19:12:49,010 - INFO -    1,792,916 lignes |  1,340,000 activités |    936 l/s
2025-10-25 19:13:01,740 - INFO -    1,805,923 lignes |  1,350,000 activités |    937 l/s
2025-10-25 19:13:13,189 - INFO -    1,818,191 lignes |  1,360,000 activités |    938 l/s
2025-10-25 19:13:23,006 - INFO -    1,830,800 lignes |  1,370,000 activités |    939 l/s
2025-10-25 19:13:35,352 - INFO -    1,844,015 lignes |  1,380,000 activités |    940 l/s
2025-10-25 19:13:45,868 - INFO -    1,857,288 lignes |  1,390,000 activités |    942 l/s
2025-10-25 19:13:57,313 - INFO -    1,871,470 lignes |  1,400,000 activités |    944 l/s
2025-10-25 19:14:11,262 - INFO -    1,885,558 lignes |  1,410,000 activités |    944 l/s
2025-10-25 19:14:24,776 - INFO -    1,899,943 lignes |  1,420,000 activités |    945 l/s
2025-10-25 19:14:38,299 - INFO -    1,915,210 lignes |  1,430,000 activités |    946 l/s
2025-10-25 19:14:55,399 - INFO -    1,929,351 lignes |  1,440,000 activités |    945 l/s
2025-10-25 19:15:05,824 - INFO -    1,946,428 lignes |  1,450,000 activités |    949 l/s
2025-10-25 19:15:18,776 - INFO -    1,959,548 lignes |  1,460,000 activités |    949 l/s
2025-10-25 19:15:27,229 - INFO -    1,970,249 lignes |  1,470,000 activités |    950 l/s
2025-10-25 19:15:43,310 - INFO -    1,986,313 lignes |  1,480,000 activités |    951 l/s
2025-10-25 19:15:54,378 - INFO -    1,998,963 lignes |  1,490,000 activités |    952 l/s
2025-10-25 19:16:05,130 - INFO -    2,012,097 lignes |  1,500,000 activités |    953 l/s
2025-10-25 19:16:16,174 - INFO -    2,026,152 lignes |  1,510,000 activités |    955 l/s
2025-10-25 19:16:25,171 - INFO -    2,038,642 lignes |  1,520,000 activités |    957 l/s
2025-10-25 19:16:41,086 - INFO -    2,049,607 lignes |  1,530,000 activités |    955 l/s
2025-10-25 19:16:55,919 - INFO -    2,060,836 lignes |  1,540,000 activités |    953 l/s
2025-10-25 19:17:10,859 - INFO -    2,073,765 lignes |  1,550,000 activités |    953 l/s
2025-10-25 19:17:20,585 - INFO -    2,086,093 lignes |  1,560,000 activités |    954 l/s
2025-10-25 19:17:30,425 - INFO -    2,098,604 lignes |  1,570,000 activités |    955 l/s
2025-10-25 19:17:42,515 - INFO -    2,111,822 lignes |  1,580,000 activités |    956 l/s
2025-10-25 19:17:55,609 - INFO -    2,124,340 lignes |  1,590,000 activités |    956 l/s
2025-10-25 19:18:20,414 - INFO -    2,137,980 lignes |  1,600,000 activités |    952 l/s
2025-10-25 19:18:34,207 - INFO -    2,152,094 lignes |  1,610,000 activités |    952 l/s
2025-10-25 19:19:00,647 - INFO -    2,166,218 lignes |  1,620,000 activités |    947 l/s
2025-10-25 19:19:14,585 - INFO -    2,182,274 lignes |  1,630,000 activités |    949 l/s
2025-10-25 19:19:14,615 - INFO - 🔄 Flush final...
2025-10-25 19:19:18,230 - INFO - 📊 Calcul mode exercice principal...
2025-10-25 19:19:18,516 - INFO - ✅ 1 professionnels mis à jour
2025-10-25 21:14:55,320 - INFO - ======================================================================
2025-10-25 21:14:55,320 - INFO - 🚀 EXTRACTEUR RPPS OPTIMISÉ v2.0
2025-10-25 21:14:55,320 - INFO - ======================================================================
2025-10-25 21:14:55,320 - INFO - 📁 Fichier : PS_LibreAcces_Personne_activite_202509230829.txt
2025-10-25 21:14:55,320 - INFO - 📦 Batch size initial : 10,000
2025-10-25 21:14:56,444 - INFO - ✅ Connexion Oracle établie
2025-10-25 21:14:56,445 - INFO - 🧹 Nettoyage des tables...
2025-10-25 21:14:57,618 - INFO - ✅ Tables vidées
2025-10-25 21:14:57,937 - INFO - 🚀 Démarrage extraction...
2025-10-25 21:14:57,937 - INFO - 📖 Lecture fichier : PS_LibreAcces_Personne_activite_202509230829.txt
2025-10-25 21:15:24,515 - INFO -       14,034 lignes |     10,000 activités |    481 l/s
2025-10-25 21:15:52,529 - INFO -       30,785 lignes |     20,000 activités |    538 l/s
2025-10-25 21:16:11,383 - INFO -       45,275 lignes |     30,000 activités |    595 l/s
2025-10-25 21:16:27,678 - INFO -       56,140 lignes |     40,000 activités |    608 l/s
2025-10-25 21:17:04,862 - INFO -       71,888 lignes |     50,000 activités |    555 l/s
2025-10-25 21:17:26,549 - INFO -       84,293 lignes |     60,000 activités |    557 l/s
2025-10-25 21:18:00,692 - INFO -       97,185 lignes |     70,000 activités |    524 l/s
2025-10-25 21:18:37,744 - INFO -      111,050 lignes |     80,000 activités |    499 l/s
2025-10-25 21:19:04,887 - INFO -      124,004 lignes |     90,000 activités |    497 l/s
2025-10-25 21:19:47,413 - INFO -      135,402 lignes |    100,000 activités |    464 l/s
2025-10-25 21:20:08,819 - INFO -      146,618 lignes |    110,000 activités |    468 l/s
2025-10-25 21:20:30,074 - INFO -      159,121 lignes |    120,000 activités |    475 l/s
2025-10-25 21:20:55,418 - INFO -      171,538 lignes |    130,000 activités |    476 l/s
2025-10-25 21:21:16,363 - INFO -      184,131 lignes |    140,000 activités |    483 l/s
2025-10-25 21:21:42,061 - INFO -      197,127 lignes |    150,000 activités |    485 l/s
2025-10-25 21:22:47,433 - INFO -      209,844 lignes |    160,000 activités |    444 l/s
2025-10-25 21:23:29,199 - INFO -      223,375 lignes |    170,000 activités |    435 l/s
2025-10-25 21:24:02,625 - INFO -      237,367 lignes |    180,000 activités |    434 l/s
2025-10-25 21:24:26,219 - INFO -      251,209 lignes |    190,000 activités |    440 l/s
2025-10-25 21:24:53,658 - INFO -      265,932 lignes |    200,000 activités |    444 l/s
2025-10-25 21:25:16,574 - INFO -      281,984 lignes |    210,000 activités |    454 l/s
2025-10-25 21:25:47,695 - INFO -      296,897 lignes |    220,000 activités |    455 l/s
2025-10-25 21:26:07,555 - INFO -      313,422 lignes |    230,000 activités |    466 l/s
2025-10-25 21:26:29,131 - INFO -      325,015 lignes |    240,000 activités |    468 l/s
2025-10-25 21:26:51,876 - INFO -      339,397 lignes |    250,000 activités |    474 l/s
2025-10-25 21:27:15,862 - INFO -      352,425 lignes |    260,000 activités |    476 l/s
2025-10-25 21:27:43,795 - INFO -      365,195 lignes |    270,000 activités |    475 l/s
2025-10-25 21:28:10,084 - INFO -      378,745 lignes |    280,000 activités |    477 l/s
2025-10-25 21:28:46,418 - INFO -      392,534 lignes |    290,000 activités |    472 l/s
2025-10-25 21:29:33,587 - INFO -      404,316 lignes |    300,000 activités |    460 l/s
2025-10-25 21:29:59,847 - INFO -      415,411 lignes |    310,000 activités |    459 l/s
2025-10-25 21:30:17,633 - INFO -      427,170 lignes |    320,000 activités |    463 l/s
2025-10-25 21:30:35,946 - INFO -      440,257 lignes |    330,000 activités |    468 l/s
2025-10-25 21:30:53,794 - INFO -      452,563 lignes |    340,000 activités |    472 l/s
2025-10-25 21:31:28,902 - INFO -      465,027 lignes |    350,000 activités |    468 l/s
2025-10-25 21:31:46,775 - INFO -      478,126 lignes |    360,000 activités |    473 l/s
2025-10-25 21:32:07,903 - INFO -      491,354 lignes |    370,000 activités |    476 l/s
2025-10-25 21:32:45,123 - INFO -      505,480 lignes |    380,000 activités |    472 l/s
2025-10-25 21:33:05,030 - INFO -      519,734 lignes |    390,000 activités |    477 l/s
2025-10-25 21:33:23,699 - INFO -      534,171 lignes |    400,000 activités |    482 l/s
2025-10-25 21:33:43,212 - INFO -      549,430 lignes |    410,000 activités |    487 l/s
2025-10-25 21:34:12,206 - INFO -      563,518 lignes |    420,000 activités |    487 l/s
2025-10-25 21:34:36,102 - INFO -      580,584 lignes |    430,000 activités |    492 l/s
2025-10-25 21:35:02,420 - INFO -      593,690 lignes |    440,000 activités |    492 l/s
2025-10-25 21:35:25,004 - INFO -      604,395 lignes |    450,000 activités |    492 l/s
2025-10-25 21:35:48,046 - INFO -      620,512 lignes |    460,000 activités |    495 l/s
2025-10-25 21:36:21,130 - INFO -      632,982 lignes |    470,000 activités |    492 l/s
2025-10-25 21:36:38,843 - INFO -      646,128 lignes |    480,000 activités |    496 l/s
2025-10-25 21:36:55,948 - INFO -      660,329 lignes |    490,000 activités |    500 l/s
2025-10-25 21:37:13,782 - INFO -      672,918 lignes |    500,000 activités |    503 l/s
2025-10-25 21:37:45,998 - INFO -      683,873 lignes |    510,000 activités |    499 l/s
2025-10-25 21:38:22,239 - INFO -      695,062 lignes |    520,000 activités |    494 l/s
2025-10-25 21:38:50,848 - INFO -      707,690 lignes |    530,000 activités |    493 l/s
2025-10-25 21:39:38,444 - INFO -      720,177 lignes |    540,000 activités |    486 l/s
2025-10-25 21:39:59,531 - INFO -      732,648 lignes |    550,000 activités |    487 l/s
2025-10-25 21:40:24,556 - INFO -      745,818 lignes |    560,000 activités |    488 l/s
2025-10-25 21:40:43,557 - INFO -      758,532 lignes |    570,000 activités |    490 l/s
2025-10-25 21:40:58,828 - INFO -      772,222 lignes |    580,000 activités |    494 l/s
2025-10-25 21:41:13,249 - INFO -      786,233 lignes |    590,000 activités |    498 l/s
2025-10-25 21:41:37,954 - INFO -      800,341 lignes |    600,000 activités |    499 l/s
2025-10-25 21:41:58,714 - INFO -      816,088 lignes |    610,000 activités |    503 l/s
2025-10-25 21:42:18,799 - INFO -      831,199 lignes |    620,000 activités |    506 l/s
2025-10-25 21:42:37,823 - INFO -      846,844 lignes |    630,000 activités |    509 l/s
2025-10-25 21:42:54,036 - INFO -      862,067 lignes |    640,000 activités |    514 l/s
2025-10-25 21:43:07,315 - INFO -      873,501 lignes |    650,000 activités |    516 l/s
2025-10-25 21:43:23,636 - INFO -      889,119 lignes |    660,000 activités |    520 l/s
2025-10-25 21:43:38,218 - INFO -      901,316 lignes |    670,000 activités |    523 l/s
2025-10-25 21:43:53,158 - INFO -      913,975 lignes |    680,000 activités |    526 l/s
2025-10-25 21:44:05,261 - INFO -      927,738 lignes |    690,000 activités |    530 l/s
2025-10-25 21:44:15,534 - INFO -      941,148 lignes |    700,000 activités |    535 l/s
2025-10-25 21:44:31,068 - INFO -      952,667 lignes |    710,000 activités |    536 l/s
2025-10-25 21:44:49,180 - INFO -      963,840 lignes |    720,000 activités |    537 l/s
2025-10-25 21:45:06,893 - INFO -      975,721 lignes |    730,000 activités |    539 l/s
2025-10-25 21:45:24,697 - INFO -      988,695 lignes |    740,000 activités |    540 l/s
2025-10-25 21:45:38,031 - INFO -    1,001,269 lignes |    750,000 activités |    543 l/s
2025-10-25 21:45:53,135 - INFO -    1,013,914 lignes |    760,000 activités |    546 l/s
2025-10-25 21:46:06,066 - INFO -    1,026,782 lignes |    770,000 activités |    549 l/s
2025-10-25 21:46:18,108 - INFO -    1,040,240 lignes |    780,000 activités |    552 l/s
2025-10-25 21:46:32,483 - INFO -    1,054,364 lignes |    790,000 activités |    556 l/s
2025-10-25 21:46:57,641 - INFO -    1,068,274 lignes |    800,000 activités |    556 l/s
2025-10-25 21:47:41,548 - INFO -    1,082,800 lignes |    810,000 activités |    551 l/s
2025-10-25 21:48:00,440 - INFO -    1,098,346 lignes |    820,000 activités |    553 l/s
2025-10-25 21:48:23,589 - INFO -    1,112,692 lignes |    830,000 activités |    554 l/s
2025-10-25 21:48:47,238 - INFO -    1,129,509 lignes |    840,000 activités |    556 l/s
2025-10-25 21:49:01,663 - INFO -    1,142,342 lignes |    850,000 activités |    558 l/s
2025-10-25 21:49:13,126 - INFO -    1,153,718 lignes |    860,000 activités |    561 l/s
2025-10-25 21:49:27,378 - INFO -    1,169,522 lignes |    870,000 activités |    564 l/s
2025-10-25 21:49:42,410 - INFO -    1,182,237 lignes |    880,000 activités |    566 l/s
2025-10-25 21:49:53,453 - INFO -    1,195,507 lignes |    890,000 activités |    570 l/s
2025-10-25 21:50:09,273 - INFO -    1,209,711 lignes |    900,000 activités |    572 l/s
2025-10-25 21:50:24,460 - INFO -    1,221,509 lignes |    910,000 activités |    574 l/s
2025-10-25 21:50:42,845 - INFO -    1,232,516 lignes |    920,000 activités |    574 l/s
2025-10-25 21:50:59,606 - INFO -    1,243,930 lignes |    930,000 activités |    575 l/s
2025-10-25 21:51:20,251 - INFO -    1,257,405 lignes |    940,000 activités |    575 l/s
2025-10-25 21:51:33,180 - INFO -    1,269,250 lignes |    950,000 activités |    577 l/s
2025-10-25 21:51:46,125 - INFO -    1,281,656 lignes |    960,000 activités |    580 l/s
2025-10-25 21:52:03,709 - INFO -    1,294,975 lignes |    970,000 activités |    581 l/s
2025-10-25 21:52:17,310 - INFO -    1,307,242 lignes |    980,000 activités |    583 l/s
2025-10-25 21:52:39,792 - INFO -    1,321,092 lignes |    990,000 activités |    583 l/s
2025-10-25 21:53:04,979 - INFO -    1,336,431 lignes |  1,000,000 activités |    584 l/s
2025-10-25 21:53:23,846 - INFO -    1,350,628 lignes |  1,010,000 activités |    585 l/s
2025-10-25 21:53:44,239 - INFO -    1,365,900 lignes |  1,020,000 activités |    586 l/s
2025-10-25 21:54:03,083 - INFO -    1,379,880 lignes |  1,030,000 activités |    588 l/s
2025-10-25 21:54:18,252 - INFO -    1,396,384 lignes |  1,040,000 activités |    591 l/s
2025-10-25 21:54:35,840 - INFO -    1,410,895 lignes |  1,050,000 activités |    593 l/s
2025-10-25 21:54:47,921 - INFO -    1,421,664 lignes |  1,060,000 activités |    594 l/s
2025-10-25 21:55:02,942 - INFO -    1,437,702 lignes |  1,070,000 activités |    597 l/s
2025-10-25 21:55:17,418 - INFO -    1,450,023 lignes |  1,080,000 activités |    599 l/s
2025-10-25 21:55:30,202 - INFO -    1,463,001 lignes |  1,090,000 activités |    601 l/s
2025-10-25 21:55:49,992 - INFO -    1,476,954 lignes |  1,100,000 activités |    602 l/s
2025-10-25 21:56:02,047 - INFO -    1,489,890 lignes |  1,110,000 activités |    604 l/s
2025-10-25 21:56:19,188 - INFO -    1,501,090 lignes |  1,120,000 activités |    604 l/s
2025-10-25 21:56:34,206 - INFO -    1,512,397 lignes |  1,130,000 activités |    605 l/s
2025-10-25 21:56:49,049 - INFO -    1,525,002 lignes |  1,140,000 activités |    607 l/s
2025-10-25 21:57:07,786 - INFO -    1,537,441 lignes |  1,150,000 activités |    607 l/s
2025-10-25 21:57:23,093 - INFO -    1,549,936 lignes |  1,160,000 activités |    608 l/s
2025-10-25 21:57:37,510 - INFO -    1,562,915 lignes |  1,170,000 activités |    610 l/s
2025-10-25 21:57:58,986 - INFO -    1,575,673 lignes |  1,180,000 activités |    610 l/s
2025-10-25 21:58:33,977 - INFO -    1,589,276 lignes |  1,190,000 activités |    607 l/s
2025-10-25 21:58:47,960 - INFO -    1,603,387 lignes |  1,200,000 activités |    609 l/s
2025-10-25 21:59:06,141 - INFO -    1,617,237 lignes |  1,210,000 activités |    610 l/s
2025-10-25 21:59:23,457 - INFO -    1,631,914 lignes |  1,220,000 activités |    612 l/s
2025-10-25 21:59:40,953 - INFO -    1,648,093 lignes |  1,230,000 activités |    614 l/s
2025-10-25 21:59:57,647 - INFO -    1,662,976 lignes |  1,240,000 activités |    615 l/s
2025-10-25 22:00:11,777 - INFO -    1,679,233 lignes |  1,250,000 activités |    618 l/s
2025-10-25 22:00:28,882 - INFO -    1,690,657 lignes |  1,260,000 activités |    618 l/s
2025-10-25 22:00:42,601 - INFO -    1,706,023 lignes |  1,270,000 activités |    621 l/s
2025-10-25 22:00:55,090 - INFO -    1,718,276 lignes |  1,280,000 activités |    623 l/s
2025-10-25 22:01:07,837 - INFO -    1,731,041 lignes |  1,290,000 activités |    624 l/s
2025-10-25 22:01:19,885 - INFO -    1,744,604 lignes |  1,300,000 activités |    627 l/s
2025-10-25 22:01:32,963 - INFO -    1,758,169 lignes |  1,310,000 activités |    628 l/s
2025-10-25 22:01:47,360 - INFO -    1,769,941 lignes |  1,320,000 activités |    629 l/s
2025-10-25 22:02:05,895 - INFO -    1,781,079 lignes |  1,330,000 activités |    629 l/s
2025-10-25 22:02:20,127 - INFO -    1,792,916 lignes |  1,340,000 activités |    630 l/s
2025-10-25 22:02:34,681 - INFO -    1,805,923 lignes |  1,350,000 activités |    632 l/s
2025-10-25 22:02:48,496 - INFO -    1,818,191 lignes |  1,360,000 activités |    633 l/s
2025-10-25 22:03:09,201 - INFO -    1,830,800 lignes |  1,370,000 activités |    633 l/s
2025-10-25 22:03:23,736 - INFO -    1,844,015 lignes |  1,380,000 activités |    634 l/s
2025-10-25 22:03:36,232 - INFO -    1,857,288 lignes |  1,390,000 activités |    636 l/s
2025-10-25 22:03:48,852 - INFO -    1,871,470 lignes |  1,400,000 activités |    638 l/s
2025-10-25 22:04:04,921 - INFO -    1,885,558 lignes |  1,410,000 activités |    639 l/s
2025-10-25 22:04:25,108 - INFO -    1,899,943 lignes |  1,420,000 activités |    640 l/s
2025-10-25 22:04:50,250 - INFO -    1,915,210 lignes |  1,430,000 activités |    639 l/s
2025-10-25 22:05:25,282 - INFO -    1,929,351 lignes |  1,440,000 activités |    637 l/s
2025-10-25 22:05:46,762 - INFO -    1,946,428 lignes |  1,450,000 activités |    638 l/s
2025-10-25 22:06:07,239 - INFO -    1,959,548 lignes |  1,460,000 activités |    638 l/s
2025-10-25 22:06:19,318 - INFO -    1,970,249 lignes |  1,470,000 activités |    639 l/s
2025-10-25 22:06:37,116 - INFO -    1,986,313 lignes |  1,480,000 activités |    640 l/s
2025-10-25 22:06:55,228 - INFO -    1,998,963 lignes |  1,490,000 activités |    641 l/s
2025-10-25 22:07:11,703 - INFO -    2,012,097 lignes |  1,500,000 activités |    642 l/s
2025-10-25 22:07:27,290 - INFO -    2,026,152 lignes |  1,510,000 activités |    643 l/s
2025-10-25 22:07:37,976 - INFO -    2,038,642 lignes |  1,520,000 activités |    645 l/s
2025-10-25 22:07:54,323 - INFO -    2,049,607 lignes |  1,530,000 activités |    645 l/s
2025-10-25 22:08:14,923 - INFO -    2,060,836 lignes |  1,540,000 activités |    644 l/s
2025-10-25 22:08:34,993 - INFO -    2,073,765 lignes |  1,550,000 activités |    644 l/s
2025-10-25 22:08:47,888 - INFO -    2,086,093 lignes |  1,560,000 activités |    645 l/s
2025-10-25 22:09:18,218 - INFO -    2,098,604 lignes |  1,570,000 activités |    643 l/s
2025-10-25 22:09:37,237 - INFO -    2,111,822 lignes |  1,580,000 activités |    643 l/s
2025-10-25 22:09:51,384 - INFO -    2,124,340 lignes |  1,590,000 activités |    645 l/s
2025-10-25 22:10:05,397 - INFO -    2,137,980 lignes |  1,600,000 activités |    646 l/s
2025-10-25 22:10:19,253 - INFO -    2,152,094 lignes |  1,610,000 activités |    647 l/s
2025-10-25 22:10:41,022 - INFO -    2,166,218 lignes |  1,620,000 activités |    647 l/s
2025-10-25 22:11:04,935 - INFO -    2,182,274 lignes |  1,630,000 activités |    648 l/s
2025-10-25 22:11:04,972 - INFO - 🔄 Flush final...
2025-10-25 22:11:09,770 - INFO - 📊 Calcul mode exercice principal...
2025-10-25 22:11:10,067 - INFO - ✅ 1 professionnels mis à jour
